---
source: tui/src/diff_render.rs
expression: terminal.backend()
---
"â€¢ Edited long_example.txt (+1 -1)                                               "
"    1  line 1                                                                   "
"    2 -short                                                                    "
"    2 +short this_is_a_very_long_modified_line_that_should_wrap_across_multi    "
"      ple_terminal_columns_and_continue_even_further_beyond_eighty_columns_     "
"      to_force_multiple_wraps                                                   "
"    3  line 3                                                                   "
"                                                                                "
"                                                                                "
"                                                                                "
"                                                                                "
"                                                                                "
