---
source: tui/src/diff_render.rs
expression: text
---
    1  1
    2 -2
    2 +added long line which wra
      ps and_if_there_is_a_long
      _token_it_will_be_broken
    3  3
    4 -4
    4 +4 context line which also
       wraps across
