---
source: tui/src/bottom_pane/chat_composer.rs
assertion_line: 1760
expression: terminal.backend()
---
"▌ [Pasted Content 1005 chars]                                                                       "
"▌                                                                                                   "
"▌                                                                                                   "
"▌                                                                                                   "
"▌                                                                                                   "
"▌                                                                                                   "
"▌                                                                                                   "
"▌                                                                                                   "
"                                                                                                    "
"? for shortcuts                                                                                     "
