---
source: tui/src/bottom_pane/footer.rs
expression: terminal.backend()
---
"  ? for shortcuts                                              100% context left"
"                                                                                "
