---
source: tui/src/chatwidget/tests.rs
expression: combined
---
• Viewed Image
  └ screenshots/example.png
